[www.crebugs.com/member/join.html]
[backblue.gif]
[fade.gif]
[index.html]
[www.crebugs.com/css/style.css]
[www.crebugs.com/css/s_edit.css]
[www.crebugs.com/js/global.js]
[www.crebugs.com/js/member.js]
[www.crebugs.com/js/menu.js]
[www.crebugs.com/js/shop.js]
[www.crebugs.com/js/placeholders.min.js]
[ajax.googleapis.com/ajax/libs/webfont/1.4.10/webfont.js]
[wcs.naver.net/wcslog.js]
[www.google-analytics.com/analytics.js]
[connect.facebook.net/en_US/fbevents.js]
[www.crebugs.com/images/layout/home.jpg]
[www.crebugs.com/images/layout/logo_crebugs.png]
[www.crebugs.com/js/jquery.js]
[www.crebugs.com/member/login5f95.html]
[www.crebugs.com/member/bg2.png]
[www.crebugs.com/images/layout/headphone.png]
[www.crebugs.com/member/join5f95.html]
[www.crebugs.com/images/layout/catogory_request_tit.png]
[www.crebugs.com/member/join.html]
[www.crebugs.com/outdatedbrowser/outdatedbrowser.min.js]
[www.crebugs.com/images/layout/crebugs_partner_list.png]
[www.crebugs.com/images/layout/login_page_logo.png]
[www.crebugs.com/images/layout/btn_login.png]
[www.crebugs.com/dist/semantic.js]
[www.crebugs.com/images/layout/list_bg.png]
[www.crebugs.com/images/layout/mypage_bg01.png]
[www.crebugs.com/images/layout/mypage_bg02.png]
[www.crebugs.com/images/layout/mypage_bg03.png]
[www.crebugs.com/images/layout/mypage_bg04.png]
[www.crebugs.com/images/layout/mypage_listbg01.png]
[www.crebugs.com/images/layout/mypage_listbg02.png]
[www.crebugs.com/images/layout/mypage_listbg03.png]
[www.crebugs.com/images/layout/mypage_listbg07.png]
[www.crebugs.com/images/layout/mypage_listbg08.png]
[www.crebugs.com/images/layout/cerfity_01email_off.png]
[www.crebugs.com/images/layout/cerfity_02phone_off.png]
[www.crebugs.com/images/layout/cerfity_03user_off.png]
[www.crebugs.com/images/layout/cerfity_04profile_off.png]
[www.crebugs.com/images/layout/cerfity_01email.png]
[www.crebugs.com/images/layout/cerfity_02phone.png]
[www.crebugs.com/images/layout/cerfity_03user.png]
[www.crebugs.com/images/layout/cerfity_04profile.png]
[www.crebugs.com/images/layout/message_dot.png]
[www.crebugs.com/images/layout/profile_img.png]
[www.crebugs.com/css/style.css]
[www.crebugs.com/css/s_edit.css]
[www.crebugs.com/outdatedbrowser/outdatedbrowser.min.css]
[connect.facebook.net/en_US/fbevents.js]
[www.crebugs.com/images/layout/lite-green-check.png]
[www.crebugs.com/member/login5f95.html]
[www.crebugs.com/member/join5f95.html]
[www.crebugs.com/member/bg2.html]
[www.crebugs.com/images/layout/mypage_listbg05.png]
[www.crebugs.com/images/layout/mypage_listbg04.png]
[www.crebugs.com/images/layout/mypage_listbg06.png]
[www.crebugs.com/member/login.html]
[www.crebugs.com/member/login.html]
